build	Set up job	ï»¿2026-01-03T15:28:54.7546280Z Current runner version: '2.330.0'
build	Set up job	2026-01-03T15:28:54.7574932Z ##[group]Runner Image Provisioner
build	Set up job	2026-01-03T15:28:54.7575842Z Hosted Compute Agent
build	Set up job	2026-01-03T15:28:54.7576393Z Version: 20251211.462
build	Set up job	2026-01-03T15:28:54.7577245Z Commit: 6cbad8c2bb55d58165063d031ccabf57e2d2db61
build	Set up job	2026-01-03T15:28:54.7578011Z Build Date: 2025-12-11T16:28:49Z
build	Set up job	2026-01-03T15:28:54.7578655Z Worker ID: {81917b69-eb28-4d11-9ea9-97f68eedd628}
build	Set up job	2026-01-03T15:28:54.7579305Z ##[endgroup]
build	Set up job	2026-01-03T15:28:54.7579885Z ##[group]Operating System
build	Set up job	2026-01-03T15:28:54.7580419Z Ubuntu
build	Set up job	2026-01-03T15:28:54.7580885Z 24.04.3
build	Set up job	2026-01-03T15:28:54.7581346Z LTS
build	Set up job	2026-01-03T15:28:54.7581806Z ##[endgroup]
build	Set up job	2026-01-03T15:28:54.7582258Z ##[group]Runner Image
build	Set up job	2026-01-03T15:28:54.7582885Z Image: ubuntu-24.04
build	Set up job	2026-01-03T15:28:54.7583390Z Version: 20251215.174.1
build	Set up job	2026-01-03T15:28:54.7584367Z Included Software: https://github.com/actions/runner-images/blob/ubuntu24/20251215.174/images/ubuntu/Ubuntu2404-Readme.md
build	Set up job	2026-01-03T15:28:54.7585779Z Image Release: https://github.com/actions/runner-images/releases/tag/ubuntu24%2F20251215.174
build	Set up job	2026-01-03T15:28:54.7587226Z ##[endgroup]
build	Set up job	2026-01-03T15:28:54.7588383Z ##[group]GITHUB_TOKEN Permissions
build	Set up job	2026-01-03T15:28:54.7590239Z Contents: read
build	Set up job	2026-01-03T15:28:54.7590836Z Metadata: read
build	Set up job	2026-01-03T15:28:54.7591357Z Packages: read
build	Set up job	2026-01-03T15:28:54.7591851Z ##[endgroup]
build	Set up job	2026-01-03T15:28:54.7594567Z Secret source: Actions
build	Set up job	2026-01-03T15:28:54.7595590Z Prepare workflow directory
build	Set up job	2026-01-03T15:28:54.7922715Z Prepare all required actions
build	Set up job	2026-01-03T15:28:54.7961363Z Getting action download info
build	Set up job	2026-01-03T15:28:55.0954539Z Download action repository 'actions/checkout@v4' (SHA:34e114876b0b11c390a56381ad16ebd13914f8d5)
build	Set up job	2026-01-03T15:28:55.1918797Z Download action repository 'dart-lang/setup-dart@v1' (SHA:e51d8e571e22473a2ddebf0ef8a2123f0ab2c02c)
build	Set up job	2026-01-03T15:28:55.4767093Z Complete job name: build
build	Run actions/checkout@v4	ï»¿2026-01-03T15:28:55.5519819Z ##[group]Run actions/checkout@v4
build	Run actions/checkout@v4	2026-01-03T15:28:55.5520899Z with:
build	Run actions/checkout@v4	2026-01-03T15:28:55.5521298Z   repository: ImL1s/dart_web3
build	Run actions/checkout@v4	2026-01-03T15:28:55.5521971Z   token: ***
build	Run actions/checkout@v4	2026-01-03T15:28:55.5522567Z   ssh-strict: true
build	Run actions/checkout@v4	2026-01-03T15:28:55.5523188Z   ssh-user: git
build	Run actions/checkout@v4	2026-01-03T15:28:55.5523807Z   persist-credentials: true
build	Run actions/checkout@v4	2026-01-03T15:28:55.5524505Z   clean: true
build	Run actions/checkout@v4	2026-01-03T15:28:55.5525126Z   sparse-checkout-cone-mode: true
build	Run actions/checkout@v4	2026-01-03T15:28:55.5525594Z   fetch-depth: 1
build	Run actions/checkout@v4	2026-01-03T15:28:55.5525975Z   fetch-tags: false
build	Run actions/checkout@v4	2026-01-03T15:28:55.5526359Z   show-progress: true
build	Run actions/checkout@v4	2026-01-03T15:28:55.5526951Z   lfs: false
build	Run actions/checkout@v4	2026-01-03T15:28:55.5527309Z   submodules: false
build	Run actions/checkout@v4	2026-01-03T15:28:55.5527832Z   set-safe-directory: true
build	Run actions/checkout@v4	2026-01-03T15:28:55.5528598Z ##[endgroup]
build	Run actions/checkout@v4	2026-01-03T15:28:55.6652200Z Syncing repository: ImL1s/dart_web3
build	Run actions/checkout@v4	2026-01-03T15:28:55.6654082Z ##[group]Getting Git version info
build	Run actions/checkout@v4	2026-01-03T15:28:55.6654790Z Working directory is '/home/runner/work/dart_web3/dart_web3'
build	Run actions/checkout@v4	2026-01-03T15:28:55.6655721Z [command]/usr/bin/git version
build	Run actions/checkout@v4	2026-01-03T15:28:55.8434432Z git version 2.52.0
build	Run actions/checkout@v4	2026-01-03T15:28:55.8464241Z ##[endgroup]
build	Run actions/checkout@v4	2026-01-03T15:28:55.8488610Z Temporarily overriding HOME='/home/runner/work/_temp/ac4eac85-f33c-4c8b-89e1-779ce1eecea7' before making global git config changes
build	Run actions/checkout@v4	2026-01-03T15:28:55.8490980Z Adding repository directory to the temporary git global config as a safe directory
build	Run actions/checkout@v4	2026-01-03T15:28:55.8493725Z [command]/usr/bin/git config --global --add safe.directory /home/runner/work/dart_web3/dart_web3
build	Run actions/checkout@v4	2026-01-03T15:28:55.8537423Z Deleting the contents of '/home/runner/work/dart_web3/dart_web3'
build	Run actions/checkout@v4	2026-01-03T15:28:55.8541844Z ##[group]Initializing the repository
build	Run actions/checkout@v4	2026-01-03T15:28:55.8546188Z [command]/usr/bin/git init /home/runner/work/dart_web3/dart_web3
build	Run actions/checkout@v4	2026-01-03T15:28:55.8912332Z hint: Using 'master' as the name for the initial branch. This default branch name
build	Run actions/checkout@v4	2026-01-03T15:28:55.8913867Z hint: will change to "main" in Git 3.0. To configure the initial branch name
build	Run actions/checkout@v4	2026-01-03T15:28:55.8915108Z hint: to use in all of your new repositories, which will suppress this warning,
build	Run actions/checkout@v4	2026-01-03T15:28:55.8915944Z hint: call:
build	Run actions/checkout@v4	2026-01-03T15:28:55.8917122Z hint:
build	Run actions/checkout@v4	2026-01-03T15:28:55.8917859Z hint: 	git config --global init.defaultBranch <name>
build	Run actions/checkout@v4	2026-01-03T15:28:55.8918748Z hint:
build	Run actions/checkout@v4	2026-01-03T15:28:55.8919538Z hint: Names commonly chosen instead of 'master' are 'main', 'trunk' and
build	Run actions/checkout@v4	2026-01-03T15:28:55.8920423Z hint: 'development'. The just-created branch can be renamed via this command:
build	Run actions/checkout@v4	2026-01-03T15:28:55.8921103Z hint:
build	Run actions/checkout@v4	2026-01-03T15:28:55.8921465Z hint: 	git branch -m <name>
build	Run actions/checkout@v4	2026-01-03T15:28:55.8921900Z hint:
build	Run actions/checkout@v4	2026-01-03T15:28:55.8922467Z hint: Disable this message with "git config set advice.defaultBranchName false"
build	Run actions/checkout@v4	2026-01-03T15:28:55.8923809Z Initialized empty Git repository in /home/runner/work/dart_web3/dart_web3/.git/
build	Run actions/checkout@v4	2026-01-03T15:28:55.8930213Z [command]/usr/bin/git remote add origin https://github.com/ImL1s/dart_web3
build	Run actions/checkout@v4	2026-01-03T15:28:55.8966235Z ##[endgroup]
build	Run actions/checkout@v4	2026-01-03T15:28:55.8967121Z ##[group]Disabling automatic garbage collection
build	Run actions/checkout@v4	2026-01-03T15:28:55.8970413Z [command]/usr/bin/git config --local gc.auto 0
build	Run actions/checkout@v4	2026-01-03T15:28:55.8998414Z ##[endgroup]
build	Run actions/checkout@v4	2026-01-03T15:28:55.8999434Z ##[group]Setting up auth
build	Run actions/checkout@v4	2026-01-03T15:28:55.9005015Z [command]/usr/bin/git config --local --name-only --get-regexp core\.sshCommand
build	Run actions/checkout@v4	2026-01-03T15:28:55.9033884Z [command]/usr/bin/git submodule foreach --recursive sh -c "git config --local --name-only --get-regexp 'core\.sshCommand' && git config --local --unset-all 'core.sshCommand' || :"
build	Run actions/checkout@v4	2026-01-03T15:28:55.9427470Z [command]/usr/bin/git config --local --name-only --get-regexp http\.https\:\/\/github\.com\/\.extraheader
build	Run actions/checkout@v4	2026-01-03T15:28:55.9457308Z [command]/usr/bin/git submodule foreach --recursive sh -c "git config --local --name-only --get-regexp 'http\.https\:\/\/github\.com\/\.extraheader' && git config --local --unset-all 'http.https://github.com/.extraheader' || :"
build	Run actions/checkout@v4	2026-01-03T15:28:55.9681766Z [command]/usr/bin/git config --local --name-only --get-regexp ^includeIf\.gitdir:
build	Run actions/checkout@v4	2026-01-03T15:28:55.9717055Z [command]/usr/bin/git submodule foreach --recursive git config --local --show-origin --name-only --get-regexp remote.origin.url
build	Run actions/checkout@v4	2026-01-03T15:28:55.9945186Z [command]/usr/bin/git config --local http.https://github.com/.extraheader AUTHORIZATION: basic ***
build	Run actions/checkout@v4	2026-01-03T15:28:55.9979746Z ##[endgroup]
build	Run actions/checkout@v4	2026-01-03T15:28:55.9987739Z ##[group]Fetching the repository
build	Run actions/checkout@v4	2026-01-03T15:28:55.9989149Z [command]/usr/bin/git -c protocol.version=2 fetch --no-tags --prune --no-recurse-submodules --depth=1 origin +47ab94a01d11b3c6274bc31d181cf22379f93e6b:refs/remotes/origin/master
build	Run actions/checkout@v4	2026-01-03T15:28:56.2847696Z From https://github.com/ImL1s/dart_web3
build	Run actions/checkout@v4	2026-01-03T15:28:56.2849794Z  * [new ref]         47ab94a01d11b3c6274bc31d181cf22379f93e6b -> origin/master
build	Run actions/checkout@v4	2026-01-03T15:28:56.2879676Z ##[endgroup]
build	Run actions/checkout@v4	2026-01-03T15:28:56.2880856Z ##[group]Determining the checkout info
build	Run actions/checkout@v4	2026-01-03T15:28:56.2882336Z ##[endgroup]
build	Run actions/checkout@v4	2026-01-03T15:28:56.2886368Z [command]/usr/bin/git sparse-checkout disable
build	Run actions/checkout@v4	2026-01-03T15:28:56.2948513Z [command]/usr/bin/git config --local --unset-all extensions.worktreeConfig
build	Run actions/checkout@v4	2026-01-03T15:28:56.2975183Z ##[group]Checking out the ref
build	Run actions/checkout@v4	2026-01-03T15:28:56.2979038Z [command]/usr/bin/git checkout --progress --force -B master refs/remotes/origin/master
build	Run actions/checkout@v4	2026-01-03T15:28:56.3435683Z Reset branch 'master'
build	Run actions/checkout@v4	2026-01-03T15:28:56.3437447Z branch 'master' set up to track 'origin/master'.
build	Run actions/checkout@v4	2026-01-03T15:28:56.3447378Z ##[endgroup]
build	Run actions/checkout@v4	2026-01-03T15:28:56.3483657Z [command]/usr/bin/git log -1 --format=%H
build	Run actions/checkout@v4	2026-01-03T15:28:56.3505812Z 47ab94a01d11b3c6274bc31d181cf22379f93e6b
build	Run dart-lang/setup-dart@v1	ï»¿2026-01-03T15:28:56.3754684Z ##[group]Run dart-lang/setup-dart@v1
build	Run dart-lang/setup-dart@v1	2026-01-03T15:28:56.3755844Z with:
build	Run dart-lang/setup-dart@v1	2026-01-03T15:28:56.3756537Z   sdk: stable
build	Run dart-lang/setup-dart@v1	2026-01-03T15:28:56.3757518Z ##[endgroup]
build	Run dart-lang/setup-dart@v1	2026-01-03T15:28:56.5490479Z Installing the linux-x64 Dart SDK version 3.10.7 from the stable (release) channel.
build	Run dart-lang/setup-dart@v1	2026-01-03T15:28:56.5507396Z https://storage.googleapis.com/dart-archive/channels/stable/release/3.10.7/sdk/dartsdk-linux-x64-release.zip ...
build	Run dart-lang/setup-dart@v1	2026-01-03T15:28:57.6061284Z [command]/usr/bin/unzip -o -q /home/runner/work/_temp/dartsdk-linux-x64-release.zip
build	Run dart-lang/setup-dart@v1	2026-01-03T15:29:04.1478261Z [command]/opt/hostedtoolcache/dart/3.10.7/x64/bin/dart --version
build	Run dart-lang/setup-dart@v1	2026-01-03T15:29:04.1510018Z Dart SDK version: 3.10.7 (stable) (Tue Dec 23 00:01:57 2025 -0800) on "linux_x64"
build	Install Melos	ï»¿2026-01-03T15:29:04.1649995Z ##[group]Run dart pub global activate melos
build	Install Melos	2026-01-03T15:29:04.1650462Z [36;1mdart pub global activate melos[0m
build	Install Melos	2026-01-03T15:29:04.1688987Z shell: /usr/bin/bash -e {0}
build	Install Melos	2026-01-03T15:29:04.1689288Z env:
build	Install Melos	2026-01-03T15:29:04.1689546Z   DART_HOME: /opt/hostedtoolcache/dart/3.10.7/x64
build	Install Melos	2026-01-03T15:29:04.1689883Z   PUB_CACHE: /home/runner/.pub-cache
build	Install Melos	2026-01-03T15:29:04.1690337Z ##[endgroup]
build	Install Melos	2026-01-03T15:29:04.1922243Z Resolving dependencies...
build	Install Melos	2026-01-03T15:29:04.4422492Z Downloading packages...
build	Install Melos	2026-01-03T15:29:05.1356914Z + ansi_styles 0.3.2+1
build	Install Melos	2026-01-03T15:29:05.1357584Z + args 2.7.0
build	Install Melos	2026-01-03T15:29:05.1358078Z + async 2.13.0
build	Install Melos	2026-01-03T15:29:05.1358360Z + charcode 1.4.0
build	Install Melos	2026-01-03T15:29:05.1358568Z + checked_yaml 2.0.4
build	Install Melos	2026-01-03T15:29:05.1358803Z + cli_launcher 0.3.2+1
build	Install Melos	2026-01-03T15:29:05.1359114Z + cli_util 0.4.2
build	Install Melos	2026-01-03T15:29:05.1359480Z + collection 1.19.1
build	Install Melos	2026-01-03T15:29:05.1359810Z + conventional_commit 0.6.1+1
build	Install Melos	2026-01-03T15:29:05.1360200Z + file 7.0.1
build	Install Melos	2026-01-03T15:29:05.1360484Z + glob 2.1.3
build	Install Melos	2026-01-03T15:29:05.1360817Z + graphs 2.3.2
build	Install Melos	2026-01-03T15:29:05.1361110Z + http 1.6.0
build	Install Melos	2026-01-03T15:29:05.1361399Z + http_parser 4.1.2
build	Install Melos	2026-01-03T15:29:05.1361706Z + io 1.0.5
build	Install Melos	2026-01-03T15:29:05.1362014Z + json_annotation 4.9.0
build	Install Melos	2026-01-03T15:29:05.1362329Z + melos 7.3.0
build	Install Melos	2026-01-03T15:29:05.1362606Z + meta 1.17.0
build	Install Melos	2026-01-03T15:29:05.1362855Z + mustache_template 2.0.2
build	Install Melos	2026-01-03T15:29:05.1363111Z + path 1.9.1
build	Install Melos	2026-01-03T15:29:05.1363307Z + petitparser 7.0.1
build	Install Melos	2026-01-03T15:29:05.1363520Z + platform 3.1.6
build	Install Melos	2026-01-03T15:29:05.1363712Z + pool 1.5.2
build	Install Melos	2026-01-03T15:29:05.1363897Z + process 5.0.5
build	Install Melos	2026-01-03T15:29:05.1364085Z + prompts 2.0.0
build	Install Melos	2026-01-03T15:29:05.1364276Z + pub_semver 2.2.0
build	Install Melos	2026-01-03T15:29:05.1364472Z + pub_updater 0.5.0
build	Install Melos	2026-01-03T15:29:05.1364679Z + pubspec_parse 1.5.0
build	Install Melos	2026-01-03T15:29:05.1364891Z + source_span 1.10.1
build	Install Melos	2026-01-03T15:29:05.1365136Z + stack_trace 1.12.1
build	Install Melos	2026-01-03T15:29:05.1365399Z + string_scanner 1.4.1
build	Install Melos	2026-01-03T15:29:05.1365608Z + term_glyph 1.2.2
build	Install Melos	2026-01-03T15:29:05.1365818Z + typed_data 1.4.0
build	Install Melos	2026-01-03T15:29:05.1366019Z + web 1.1.1
build	Install Melos	2026-01-03T15:29:05.1366196Z + xml 6.6.1
build	Install Melos	2026-01-03T15:29:05.1366367Z + yaml 3.1.3
build	Install Melos	2026-01-03T15:29:05.1366550Z + yaml_edit 2.2.3
build	Install Melos	2026-01-03T15:29:05.1381571Z Building package executables...
build	Install Melos	2026-01-03T15:29:06.1056314Z Built melos:melos.
build	Install Melos	2026-01-03T15:29:06.1117313Z Installed executable melos.
build	Install Melos	2026-01-03T15:29:06.1154907Z Activated melos 7.3.0.
build	Bootstrap Workspace	ï»¿2026-01-03T15:29:06.1315500Z ##[group]Run cd dart_web3
build	Bootstrap Workspace	2026-01-03T15:29:06.1315797Z [36;1mcd dart_web3[0m
build	Bootstrap Workspace	2026-01-03T15:29:06.1315993Z [36;1mmelos bootstrap[0m
build	Bootstrap Workspace	2026-01-03T15:29:06.1350431Z shell: /usr/bin/bash -e {0}
build	Bootstrap Workspace	2026-01-03T15:29:06.1350655Z env:
build	Bootstrap Workspace	2026-01-03T15:29:06.1350869Z   DART_HOME: /opt/hostedtoolcache/dart/3.10.7/x64
build	Bootstrap Workspace	2026-01-03T15:29:06.1351152Z   PUB_CACHE: /home/runner/.pub-cache
build	Bootstrap Workspace	2026-01-03T15:29:06.1351388Z ##[endgroup]
build	Bootstrap Workspace	2026-01-03T15:29:06.2695346Z Resolving dependencies...
build	Bootstrap Workspace	2026-01-03T15:29:06.5261940Z Downloading packages...
build	Bootstrap Workspace	2026-01-03T15:29:07.6145752Z + _fe_analyzer_shared 92.0.0
build	Bootstrap Workspace	2026-01-03T15:29:07.6146305Z + analyzer 9.0.0
build	Bootstrap Workspace	2026-01-03T15:29:07.6146877Z + ansi_styles 0.3.2+1
build	Bootstrap Workspace	2026-01-03T15:29:07.6147238Z + args 2.7.0
build	Bootstrap Workspace	2026-01-03T15:29:07.6147551Z + async 2.13.0
build	Bootstrap Workspace	2026-01-03T15:29:07.6147905Z + boolean_selector 2.1.2
build	Bootstrap Workspace	2026-01-03T15:29:07.6148281Z + charcode 1.4.0
build	Bootstrap Workspace	2026-01-03T15:29:07.6148629Z + checked_yaml 2.0.4
build	Bootstrap Workspace	2026-01-03T15:29:07.6149000Z + cli_config 0.2.0
build	Bootstrap Workspace	2026-01-03T15:29:07.6149347Z + cli_launcher 0.3.2+1
build	Bootstrap Workspace	2026-01-03T15:29:07.6149792Z + cli_util 0.4.2
build	Bootstrap Workspace	2026-01-03T15:29:07.6150147Z + collection 1.19.1
build	Bootstrap Workspace	2026-01-03T15:29:07.6150532Z + conventional_commit 0.6.1+1
build	Bootstrap Workspace	2026-01-03T15:29:07.6150986Z + convert 3.1.2
build	Bootstrap Workspace	2026-01-03T15:29:07.6151353Z + coverage 1.15.0
build	Bootstrap Workspace	2026-01-03T15:29:07.6151721Z + crypto 3.0.7
build	Bootstrap Workspace	2026-01-03T15:29:07.6152069Z + file 7.0.1
build	Bootstrap Workspace	2026-01-03T15:29:07.6152447Z + frontend_server_client 4.0.0
build	Bootstrap Workspace	2026-01-03T15:29:07.6152884Z + glob 2.1.3
build	Bootstrap Workspace	2026-01-03T15:29:07.6153584Z + graphs 2.3.2
build	Bootstrap Workspace	2026-01-03T15:29:07.6153945Z + http 1.6.0
build	Bootstrap Workspace	2026-01-03T15:29:07.6154324Z + http_multi_server 3.2.2
build	Bootstrap Workspace	2026-01-03T15:29:07.6154696Z + http_parser 4.1.2
build	Bootstrap Workspace	2026-01-03T15:29:07.6155021Z + io 1.0.5
build	Bootstrap Workspace	2026-01-03T15:29:07.6155314Z + json_annotation 4.9.0
build	Bootstrap Workspace	2026-01-03T15:29:07.6155641Z + lints 5.1.1 (6.0.0 available)
build	Bootstrap Workspace	2026-01-03T15:29:07.6155989Z + logging 1.3.0
build	Bootstrap Workspace	2026-01-03T15:29:07.6156280Z + matcher 0.12.18
build	Bootstrap Workspace	2026-01-03T15:29:07.6156818Z + melos 6.3.3 (7.3.0 available)
build	Bootstrap Workspace	2026-01-03T15:29:07.6157199Z + meta 1.17.0
build	Bootstrap Workspace	2026-01-03T15:29:07.6157507Z + mime 2.0.0
build	Bootstrap Workspace	2026-01-03T15:29:07.6157835Z + mustache_template 2.0.2
build	Bootstrap Workspace	2026-01-03T15:29:07.6158313Z + node_preamble 2.0.2
build	Bootstrap Workspace	2026-01-03T15:29:07.6158660Z + package_config 2.2.0
build	Bootstrap Workspace	2026-01-03T15:29:07.6159006Z + path 1.9.1
build	Bootstrap Workspace	2026-01-03T15:29:07.6159312Z + platform 3.1.6
build	Bootstrap Workspace	2026-01-03T15:29:07.6159624Z + pool 1.5.2
build	Bootstrap Workspace	2026-01-03T15:29:07.6159923Z + process 5.0.5
build	Bootstrap Workspace	2026-01-03T15:29:07.6160230Z + prompts 2.0.0
build	Bootstrap Workspace	2026-01-03T15:29:07.6160539Z + pub_semver 2.2.0
build	Bootstrap Workspace	2026-01-03T15:29:07.6160885Z + pub_updater 0.5.0
build	Bootstrap Workspace	2026-01-03T15:29:07.6161214Z + pubspec_parse 1.5.0
build	Bootstrap Workspace	2026-01-03T15:29:07.6161547Z + shelf 1.4.2
build	Bootstrap Workspace	2026-01-03T15:29:07.6161871Z + shelf_packages_handler 3.0.2
build	Bootstrap Workspace	2026-01-03T15:29:07.6162269Z + shelf_static 1.1.3
build	Bootstrap Workspace	2026-01-03T15:29:07.6162623Z + shelf_web_socket 3.0.0
build	Bootstrap Workspace	2026-01-03T15:29:07.6163022Z + source_map_stack_trace 2.1.2
build	Bootstrap Workspace	2026-01-03T15:29:07.6163385Z + source_maps 0.10.13
build	Bootstrap Workspace	2026-01-03T15:29:07.6163715Z + source_span 1.10.1
build	Bootstrap Workspace	2026-01-03T15:29:07.6164028Z + stack_trace 1.12.1
build	Bootstrap Workspace	2026-01-03T15:29:07.6164348Z + stream_channel 2.1.4
build	Bootstrap Workspace	2026-01-03T15:29:07.6164678Z + string_scanner 1.4.1
build	Bootstrap Workspace	2026-01-03T15:29:07.6165046Z + term_glyph 1.2.2
build	Bootstrap Workspace	2026-01-03T15:29:07.6165371Z + test 1.28.0
build	Bootstrap Workspace	2026-01-03T15:29:07.6165665Z + test_api 0.7.8
build	Bootstrap Workspace	2026-01-03T15:29:07.6165983Z + test_core 0.6.14
build	Bootstrap Workspace	2026-01-03T15:29:07.6166288Z + typed_data 1.4.0
build	Bootstrap Workspace	2026-01-03T15:29:07.6166884Z + vm_service 15.0.2
build	Bootstrap Workspace	2026-01-03T15:29:07.6167218Z + watcher 1.2.0
build	Bootstrap Workspace	2026-01-03T15:29:07.6248307Z + web 1.1.1
build	Bootstrap Workspace	2026-01-03T15:29:07.6248769Z + web_socket 1.0.1
build	Bootstrap Workspace	2026-01-03T15:29:07.6249157Z + web_socket_channel 3.0.3
build	Bootstrap Workspace	2026-01-03T15:29:07.6249545Z + webkit_inspection_protocol 1.2.1
build	Bootstrap Workspace	2026-01-03T15:29:07.6249961Z + yaml 3.1.3
build	Bootstrap Workspace	2026-01-03T15:29:07.6250283Z + yaml_edit 2.2.3
build	Bootstrap Workspace	2026-01-03T15:29:07.6250746Z Changed 65 dependencies!
build	Bootstrap Workspace	2026-01-03T15:29:07.6251455Z 2 packages have newer versions incompatible with dependency constraints.
build	Bootstrap Workspace	2026-01-03T15:29:07.6252108Z Try `dart pub outdated` for more information.
build	Bootstrap Workspace	2026-01-03T15:29:08.8121450Z melos bootstrap
build	Bootstrap Workspace	2026-01-03T15:29:08.8140630Z   â””> /home/runner/work/dart_web3/dart_web3/dart_web3
build	Bootstrap Workspace	2026-01-03T15:29:08.8141163Z 
build	Bootstrap Workspace	2026-01-03T15:29:08.8144130Z Running "dart pub get" in workspace packages...
build	Bootstrap Workspace	2026-01-03T15:29:09.7696084Z   âœ“ web3_universal_bc_ur
build	Bootstrap Workspace	2026-01-03T15:29:09.7709025Z     â””> packages/hardware/bc_ur
build	Bootstrap Workspace	2026-01-03T15:29:10.0194346Z   - web3_universal
build	Bootstrap Workspace	2026-01-03T15:29:10.0195776Z     â””> web3_universal
build	Bootstrap Workspace	2026-01-03T15:29:10.0227702Z        â””> Failed to install.
build	Bootstrap Workspace	2026-01-03T15:29:10.0228876Z Because every version of web3_universal_ledger from path depends on ledger_flutter any which requires the Flutter SDK, web3_universal_ledger from path is forbidden.
build	Bootstrap Workspace	2026-01-03T15:29:10.0230313Z So, because web3_universal depends on web3_universal_ledger from path, version solving failed.
build	Bootstrap Workspace	2026-01-03T15:29:10.0231184Z Flutter users should use `flutter pub` instead of `dart pub`.
build	Bootstrap Workspace	2026-01-03T15:29:10.0232171Z BootstrapException: Failed to install.: web3_universal at /home/runner/work/dart_web3/dart_web3/dart_web3/web3_universal.
build	Bootstrap Workspace	2026-01-03T15:29:10.0233413Z 
build	Bootstrap Workspace	2026-01-03T15:29:10.0234449Z Resolving dependencies...
build	Bootstrap Workspace	2026-01-03T15:29:10.3366448Z   âœ“ web3_universal_abi
build	Bootstrap Workspace	2026-01-03T15:29:10.3369512Z     â””> packages/abi
build	Bootstrap Workspace	2026-01-03T15:29:10.3962877Z   âœ“ web3_universal_aa
build	Bootstrap Workspace	2026-01-03T15:29:10.3964537Z     â””> packages/aa
build	Bootstrap Workspace	2026-01-03T15:29:10.5083757Z   âœ“ web3_universal_bitcoin
build	Bootstrap Workspace	2026-01-03T15:29:10.5084356Z     â””> packages/extensions/bitcoin
build	Bootstrap Workspace	2026-01-03T15:29:10.5579008Z ##[error]Process completed with exit code 1.
build	Post Run actions/checkout@v4	ï»¿2026-01-03T15:29:10.5685800Z Post job cleanup.
build	Post Run actions/checkout@v4	2026-01-03T15:29:10.6627628Z [command]/usr/bin/git version
build	Post Run actions/checkout@v4	2026-01-03T15:29:10.6665122Z git version 2.52.0
build	Post Run actions/checkout@v4	2026-01-03T15:29:10.6710897Z Temporarily overriding HOME='/home/runner/work/_temp/49b67361-ecde-49de-9fee-990a9792f783' before making global git config changes
build	Post Run actions/checkout@v4	2026-01-03T15:29:10.6712209Z Adding repository directory to the temporary git global config as a safe directory
build	Post Run actions/checkout@v4	2026-01-03T15:29:10.6717502Z [command]/usr/bin/git config --global --add safe.directory /home/runner/work/dart_web3/dart_web3
build	Post Run actions/checkout@v4	2026-01-03T15:29:10.6755089Z [command]/usr/bin/git config --local --name-only --get-regexp core\.sshCommand
build	Post Run actions/checkout@v4	2026-01-03T15:29:10.6787814Z [command]/usr/bin/git submodule foreach --recursive sh -c "git config --local --name-only --get-regexp 'core\.sshCommand' && git config --local --unset-all 'core.sshCommand' || :"
build	Post Run actions/checkout@v4	2026-01-03T15:29:10.7009728Z fatal: No url found for submodule path 'references/dart/bitcoin_base' in .gitmodules
build	Post Run actions/checkout@v4	2026-01-03T15:29:10.7051266Z ##[warning]The process '/usr/bin/git' failed with exit code 128
build	Complete job	ï»¿2026-01-03T15:29:10.7130982Z Cleaning up orphan processes
